// Jest Snapshot v1, https://goo.gl/fbAQLP

exports[`HeaderForm rendering should match HeaderForm snapshot 1`] = `ShallowWrapper {}`;
