// Jest Snapshot v1, https://goo.gl/fbAQLP

exports[`Note Model rendering should match NoteModel 1`] = `ShallowWrapper {}`;
