// Jest Snapshot v1, https://goo.gl/fbAQLP

exports[`Note View rendering should match Note view snapshot 1`] = `ShallowWrapper {}`;
