// Jest Snapshot v1, https://goo.gl/fbAQLP

exports[`Login View rendering should match login view snapshot 1`] = `ShallowWrapper {}`;
